main.c:142:5:main	56	static,ignoring_inline_asm
main.c:236:6:SystemClock_Config	120	static
main.c:292:13:MX_SPI4_Init	8	static
main.c:340:13:MX_USART3_UART_Init	8	static
main.c:388:13:MX_GPIO_Init	64	static
main.c:476:6:HAL_GPIO_EXTI_Callback	16	static
main.c:516:6:HAL_SPI_TxCpltCallback	16	static
main.c:523:6:SendToDAC	72	static
main.c:676:6:AcceptanceNewClient	232	static
main.c:713:5:ExtractMessage	256	static
main.c:963:6:StartThread	56	static
main.c:1010:6:MPU_Config	24	static
main.c:1053:6:HAL_TIM_PeriodElapsedCallback	16	static
main.c:1070:6:Error_Handler	4	static,ignoring_inline_asm
